[ERROR] 2026-03-02 14:17:04.476 [main] FWFormattedDate - Could not parse date string: Invalid date 'APRIL 31'
java.time.DateTimeException: Invalid date 'APRIL 31'
	at java.time.LocalDate.create(LocalDate.java:461) ~[?:?]
	at java.time.LocalDate.of(LocalDate.java:273) ~[?:?]
	at java.time.LocalDateTime.of(LocalDateTime.java:313) ~[?:?]
	at net.simplace.pipe.formcomponents.date.FWFormattedDate.parse(FWFormattedDate.java:266) [simplace_core.jar:?]
	at net.simplace.pipe.formcomponents.date.FWFormattedDate.<init>(FWFormattedDate.java:98) [simplace_core.jar:?]
	at net.simplace.pipe.formcomponents.date.FWFormattedDate.<init>(FWFormattedDate.java:106) [simplace_core.jar:?]
	at net.simplace.core.service.StringHelper.parseDate(StringHelper.java:865) [simplace_core.jar:?]
	at net.simplace.sim.util.FWSimVariable.setValue(FWSimVariable.java:1922) [simplace_core.jar:?]
	at net.simplace.sim.wrapper.SimplaceWrapper.setValuesToVarMap(SimplaceWrapper.java:1007) [simplace_core.jar:?]
	at net.simplace.sim.wrapper.SimplaceWrapper.createSimulation(SimplaceWrapper.java:256) [simplace_core.jar:?]
[ERROR] 2026-03-02 14:17:04.490 [main] FWFormattedDate - Could not parse date string: Invalid date 'APRIL 31'
java.time.DateTimeException: Invalid date 'APRIL 31'
	at java.time.LocalDate.create(LocalDate.java:461) ~[?:?]
	at java.time.LocalDate.of(LocalDate.java:273) ~[?:?]
	at java.time.LocalDateTime.of(LocalDateTime.java:313) ~[?:?]
	at net.simplace.pipe.formcomponents.date.FWFormattedDate.parse(FWFormattedDate.java:266) [simplace_core.jar:?]
	at net.simplace.pipe.formcomponents.date.FWFormattedDate.<init>(FWFormattedDate.java:98) [simplace_core.jar:?]
	at net.simplace.pipe.formcomponents.date.FWFormattedDate.<init>(FWFormattedDate.java:106) [simplace_core.jar:?]
	at net.simplace.core.service.StringHelper.parseDate(StringHelper.java:865) [simplace_core.jar:?]
	at net.simplace.sim.util.FWSimVariable.setValue(FWSimVariable.java:1922) [simplace_core.jar:?]
	at net.simplace.sim.wrapper.SimplaceWrapper.setValuesToVarMap(SimplaceWrapper.java:1007) [simplace_core.jar:?]
	at net.simplace.sim.wrapper.SimplaceWrapper.createSimulation(SimplaceWrapper.java:256) [simplace_core.jar:?]
[ERROR] 2026-03-02 14:17:04.492 [main] FWFormattedDate - Could not parse date string: Invalid date 'APRIL 31'
java.time.DateTimeException: Invalid date 'APRIL 31'
	at java.time.LocalDate.create(LocalDate.java:461) ~[?:?]
	at java.time.LocalDate.of(LocalDate.java:273) ~[?:?]
	at java.time.LocalDateTime.of(LocalDateTime.java:313) ~[?:?]
	at net.simplace.pipe.formcomponents.date.FWFormattedDate.parse(FWFormattedDate.java:266) [simplace_core.jar:?]
	at net.simplace.pipe.formcomponents.date.FWFormattedDate.<init>(FWFormattedDate.java:98) [simplace_core.jar:?]
	at net.simplace.pipe.formcomponents.date.FWFormattedDate.<init>(FWFormattedDate.java:106) [simplace_core.jar:?]
	at net.simplace.core.service.StringHelper.parseDate(StringHelper.java:865) [simplace_core.jar:?]
	at net.simplace.sim.util.FWSimVariable.setValue(FWSimVariable.java:1922) [simplace_core.jar:?]
	at net.simplace.sim.wrapper.SimplaceWrapper.setValuesToVarMap(SimplaceWrapper.java:1007) [simplace_core.jar:?]
	at net.simplace.sim.wrapper.SimplaceWrapper.createSimulation(SimplaceWrapper.java:256) [simplace_core.jar:?]
[ERROR] 2026-03-02 14:17:04.494 [main] FWFormattedDate - Could not parse date string: Invalid date 'APRIL 31'
java.time.DateTimeException: Invalid date 'APRIL 31'
	at java.time.LocalDate.create(LocalDate.java:461) ~[?:?]
	at java.time.LocalDate.of(LocalDate.java:273) ~[?:?]
	at java.time.LocalDateTime.of(LocalDateTime.java:313) ~[?:?]
	at net.simplace.pipe.formcomponents.date.FWFormattedDate.parse(FWFormattedDate.java:266) [simplace_core.jar:?]
	at net.simplace.pipe.formcomponents.date.FWFormattedDate.<init>(FWFormattedDate.java:98) [simplace_core.jar:?]
	at net.simplace.pipe.formcomponents.date.FWFormattedDate.<init>(FWFormattedDate.java:106) [simplace_core.jar:?]
	at net.simplace.core.service.StringHelper.parseDate(StringHelper.java:865) [simplace_core.jar:?]
	at net.simplace.sim.util.FWSimVariable.setValue(FWSimVariable.java:1922) [simplace_core.jar:?]
	at net.simplace.sim.wrapper.SimplaceWrapper.setValuesToVarMap(SimplaceWrapper.java:1007) [simplace_core.jar:?]
	at net.simplace.sim.wrapper.SimplaceWrapper.createSimulation(SimplaceWrapper.java:256) [simplace_core.jar:?]
[ERROR] 2026-03-02 14:17:04.495 [main] FWFormattedDate - Could not parse date string: Invalid date 'APRIL 31'
java.time.DateTimeException: Invalid date 'APRIL 31'
	at java.time.LocalDate.create(LocalDate.java:461) ~[?:?]
	at java.time.LocalDate.of(LocalDate.java:273) ~[?:?]
	at java.time.LocalDateTime.of(LocalDateTime.java:313) ~[?:?]
	at net.simplace.pipe.formcomponents.date.FWFormattedDate.parse(FWFormattedDate.java:266) [simplace_core.jar:?]
	at net.simplace.pipe.formcomponents.date.FWFormattedDate.<init>(FWFormattedDate.java:98) [simplace_core.jar:?]
	at net.simplace.pipe.formcomponents.date.FWFormattedDate.<init>(FWFormattedDate.java:106) [simplace_core.jar:?]
	at net.simplace.core.service.StringHelper.parseDate(StringHelper.java:865) [simplace_core.jar:?]
	at net.simplace.sim.util.FWSimVariable.setValue(FWSimVariable.java:1922) [simplace_core.jar:?]
	at net.simplace.sim.wrapper.SimplaceWrapper.setValuesToVarMap(SimplaceWrapper.java:1007) [simplace_core.jar:?]
	at net.simplace.sim.wrapper.SimplaceWrapper.createSimulation(SimplaceWrapper.java:256) [simplace_core.jar:?]
[ERROR] 2026-03-02 14:17:04.497 [main] FWFormattedDate - Could not parse date string: Invalid date 'APRIL 31'
java.time.DateTimeException: Invalid date 'APRIL 31'
	at java.time.LocalDate.create(LocalDate.java:461) ~[?:?]
	at java.time.LocalDate.of(LocalDate.java:273) ~[?:?]
	at java.time.LocalDateTime.of(LocalDateTime.java:313) ~[?:?]
	at net.simplace.pipe.formcomponents.date.FWFormattedDate.parse(FWFormattedDate.java:266) [simplace_core.jar:?]
	at net.simplace.pipe.formcomponents.date.FWFormattedDate.<init>(FWFormattedDate.java:98) [simplace_core.jar:?]
	at net.simplace.pipe.formcomponents.date.FWFormattedDate.<init>(FWFormattedDate.java:106) [simplace_core.jar:?]
	at net.simplace.core.service.StringHelper.parseDate(StringHelper.java:865) [simplace_core.jar:?]
	at net.simplace.sim.util.FWSimVariable.setValue(FWSimVariable.java:1922) [simplace_core.jar:?]
	at net.simplace.sim.wrapper.SimplaceWrapper.setValuesToVarMap(SimplaceWrapper.java:1007) [simplace_core.jar:?]
	at net.simplace.sim.wrapper.SimplaceWrapper.createSimulation(SimplaceWrapper.java:256) [simplace_core.jar:?]
[ERROR] 2026-03-02 14:17:04.498 [main] FWFormattedDate - Could not parse date string: Invalid date 'APRIL 31'
java.time.DateTimeException: Invalid date 'APRIL 31'
	at java.time.LocalDate.create(LocalDate.java:461) ~[?:?]
	at java.time.LocalDate.of(LocalDate.java:273) ~[?:?]
	at java.time.LocalDateTime.of(LocalDateTime.java:313) ~[?:?]
	at net.simplace.pipe.formcomponents.date.FWFormattedDate.parse(FWFormattedDate.java:266) [simplace_core.jar:?]
	at net.simplace.pipe.formcomponents.date.FWFormattedDate.<init>(FWFormattedDate.java:98) [simplace_core.jar:?]
	at net.simplace.pipe.formcomponents.date.FWFormattedDate.<init>(FWFormattedDate.java:106) [simplace_core.jar:?]
	at net.simplace.core.service.StringHelper.parseDate(StringHelper.java:865) [simplace_core.jar:?]
	at net.simplace.sim.util.FWSimVariable.setValue(FWSimVariable.java:1922) [simplace_core.jar:?]
	at net.simplace.sim.wrapper.SimplaceWrapper.setValuesToVarMap(SimplaceWrapper.java:1007) [simplace_core.jar:?]
	at net.simplace.sim.wrapper.SimplaceWrapper.createSimulation(SimplaceWrapper.java:256) [simplace_core.jar:?]
[ERROR] 2026-03-02 14:17:04.500 [main] FWFormattedDate - Could not parse date string: Invalid date 'APRIL 31'
java.time.DateTimeException: Invalid date 'APRIL 31'
	at java.time.LocalDate.create(LocalDate.java:461) ~[?:?]
	at java.time.LocalDate.of(LocalDate.java:273) ~[?:?]
	at java.time.LocalDateTime.of(LocalDateTime.java:313) ~[?:?]
	at net.simplace.pipe.formcomponents.date.FWFormattedDate.parse(FWFormattedDate.java:266) [simplace_core.jar:?]
	at net.simplace.pipe.formcomponents.date.FWFormattedDate.<init>(FWFormattedDate.java:98) [simplace_core.jar:?]
	at net.simplace.pipe.formcomponents.date.FWFormattedDate.<init>(FWFormattedDate.java:106) [simplace_core.jar:?]
	at net.simplace.core.service.StringHelper.parseDate(StringHelper.java:865) [simplace_core.jar:?]
	at net.simplace.sim.util.FWSimVariable.setValue(FWSimVariable.java:1922) [simplace_core.jar:?]
	at net.simplace.sim.wrapper.SimplaceWrapper.setValuesToVarMap(SimplaceWrapper.java:1007) [simplace_core.jar:?]
	at net.simplace.sim.wrapper.SimplaceWrapper.createSimulation(SimplaceWrapper.java:256) [simplace_core.jar:?]
[ERROR] 2026-03-02 14:17:04.501 [main] FWFormattedDate - Could not parse date string: Invalid date 'APRIL 31'
java.time.DateTimeException: Invalid date 'APRIL 31'
	at java.time.LocalDate.create(LocalDate.java:461) ~[?:?]
	at java.time.LocalDate.of(LocalDate.java:273) ~[?:?]
	at java.time.LocalDateTime.of(LocalDateTime.java:313) ~[?:?]
	at net.simplace.pipe.formcomponents.date.FWFormattedDate.parse(FWFormattedDate.java:266) [simplace_core.jar:?]
	at net.simplace.pipe.formcomponents.date.FWFormattedDate.<init>(FWFormattedDate.java:98) [simplace_core.jar:?]
	at net.simplace.pipe.formcomponents.date.FWFormattedDate.<init>(FWFormattedDate.java:106) [simplace_core.jar:?]
	at net.simplace.core.service.StringHelper.parseDate(StringHelper.java:865) [simplace_core.jar:?]
	at net.simplace.sim.util.FWSimVariable.setValue(FWSimVariable.java:1922) [simplace_core.jar:?]
	at net.simplace.sim.wrapper.SimplaceWrapper.setValuesToVarMap(SimplaceWrapper.java:1007) [simplace_core.jar:?]
	at net.simplace.sim.wrapper.SimplaceWrapper.createSimulation(SimplaceWrapper.java:256) [simplace_core.jar:?]
[ERROR] 2026-03-02 14:17:04.503 [main] FWFormattedDate - Could not parse date string: Invalid date 'APRIL 31'
java.time.DateTimeException: Invalid date 'APRIL 31'
	at java.time.LocalDate.create(LocalDate.java:461) ~[?:?]
	at java.time.LocalDate.of(LocalDate.java:273) ~[?:?]
	at java.time.LocalDateTime.of(LocalDateTime.java:313) ~[?:?]
	at net.simplace.pipe.formcomponents.date.FWFormattedDate.parse(FWFormattedDate.java:266) [simplace_core.jar:?]
	at net.simplace.pipe.formcomponents.date.FWFormattedDate.<init>(FWFormattedDate.java:98) [simplace_core.jar:?]
	at net.simplace.pipe.formcomponents.date.FWFormattedDate.<init>(FWFormattedDate.java:106) [simplace_core.jar:?]
	at net.simplace.core.service.StringHelper.parseDate(StringHelper.java:865) [simplace_core.jar:?]
	at net.simplace.sim.util.FWSimVariable.setValue(FWSimVariable.java:1922) [simplace_core.jar:?]
	at net.simplace.sim.wrapper.SimplaceWrapper.setValuesToVarMap(SimplaceWrapper.java:1007) [simplace_core.jar:?]
	at net.simplace.sim.wrapper.SimplaceWrapper.createSimulation(SimplaceWrapper.java:256) [simplace_core.jar:?]
[ERROR] 2026-03-02 14:17:04.505 [main] FWFormattedDate - Could not parse date string: Invalid date 'APRIL 31'
java.time.DateTimeException: Invalid date 'APRIL 31'
	at java.time.LocalDate.create(LocalDate.java:461) ~[?:?]
	at java.time.LocalDate.of(LocalDate.java:273) ~[?:?]
	at java.time.LocalDateTime.of(LocalDateTime.java:313) ~[?:?]
	at net.simplace.pipe.formcomponents.date.FWFormattedDate.parse(FWFormattedDate.java:266) [simplace_core.jar:?]
	at net.simplace.pipe.formcomponents.date.FWFormattedDate.<init>(FWFormattedDate.java:98) [simplace_core.jar:?]
	at net.simplace.pipe.formcomponents.date.FWFormattedDate.<init>(FWFormattedDate.java:106) [simplace_core.jar:?]
	at net.simplace.core.service.StringHelper.parseDate(StringHelper.java:865) [simplace_core.jar:?]
	at net.simplace.sim.util.FWSimVariable.setValue(FWSimVariable.java:1922) [simplace_core.jar:?]
	at net.simplace.sim.wrapper.SimplaceWrapper.setValuesToVarMap(SimplaceWrapper.java:1007) [simplace_core.jar:?]
	at net.simplace.sim.wrapper.SimplaceWrapper.createSimulation(SimplaceWrapper.java:256) [simplace_core.jar:?]
[ERROR] 2026-03-02 14:17:04.506 [main] FWFormattedDate - Could not parse date string: Invalid date 'APRIL 31'
java.time.DateTimeException: Invalid date 'APRIL 31'
	at java.time.LocalDate.create(LocalDate.java:461) ~[?:?]
	at java.time.LocalDate.of(LocalDate.java:273) ~[?:?]
	at java.time.LocalDateTime.of(LocalDateTime.java:313) ~[?:?]
	at net.simplace.pipe.formcomponents.date.FWFormattedDate.parse(FWFormattedDate.java:266) [simplace_core.jar:?]
	at net.simplace.pipe.formcomponents.date.FWFormattedDate.<init>(FWFormattedDate.java:98) [simplace_core.jar:?]
	at net.simplace.pipe.formcomponents.date.FWFormattedDate.<init>(FWFormattedDate.java:106) [simplace_core.jar:?]
	at net.simplace.core.service.StringHelper.parseDate(StringHelper.java:865) [simplace_core.jar:?]
	at net.simplace.sim.util.FWSimVariable.setValue(FWSimVariable.java:1922) [simplace_core.jar:?]
	at net.simplace.sim.wrapper.SimplaceWrapper.setValuesToVarMap(SimplaceWrapper.java:1007) [simplace_core.jar:?]
	at net.simplace.sim.wrapper.SimplaceWrapper.createSimulation(SimplaceWrapper.java:256) [simplace_core.jar:?]
[ERROR] 2026-03-02 14:17:04.508 [main] FWFormattedDate - Could not parse date string: Invalid date 'APRIL 31'
java.time.DateTimeException: Invalid date 'APRIL 31'
	at java.time.LocalDate.create(LocalDate.java:461) ~[?:?]
	at java.time.LocalDate.of(LocalDate.java:273) ~[?:?]
	at java.time.LocalDateTime.of(LocalDateTime.java:313) ~[?:?]
	at net.simplace.pipe.formcomponents.date.FWFormattedDate.parse(FWFormattedDate.java:266) [simplace_core.jar:?]
	at net.simplace.pipe.formcomponents.date.FWFormattedDate.<init>(FWFormattedDate.java:98) [simplace_core.jar:?]
	at net.simplace.pipe.formcomponents.date.FWFormattedDate.<init>(FWFormattedDate.java:106) [simplace_core.jar:?]
	at net.simplace.core.service.StringHelper.parseDate(StringHelper.java:865) [simplace_core.jar:?]
	at net.simplace.sim.util.FWSimVariable.setValue(FWSimVariable.java:1922) [simplace_core.jar:?]
	at net.simplace.sim.wrapper.SimplaceWrapper.setValuesToVarMap(SimplaceWrapper.java:1007) [simplace_core.jar:?]
	at net.simplace.sim.wrapper.SimplaceWrapper.createSimulation(SimplaceWrapper.java:256) [simplace_core.jar:?]
[ERROR] 2026-03-02 14:17:04.510 [main] FWFormattedDate - Could not parse date string: Invalid date 'APRIL 31'
java.time.DateTimeException: Invalid date 'APRIL 31'
	at java.time.LocalDate.create(LocalDate.java:461) ~[?:?]
	at java.time.LocalDate.of(LocalDate.java:273) ~[?:?]
	at java.time.LocalDateTime.of(LocalDateTime.java:313) ~[?:?]
	at net.simplace.pipe.formcomponents.date.FWFormattedDate.parse(FWFormattedDate.java:266) [simplace_core.jar:?]
	at net.simplace.pipe.formcomponents.date.FWFormattedDate.<init>(FWFormattedDate.java:98) [simplace_core.jar:?]
	at net.simplace.pipe.formcomponents.date.FWFormattedDate.<init>(FWFormattedDate.java:106) [simplace_core.jar:?]
	at net.simplace.core.service.StringHelper.parseDate(StringHelper.java:865) [simplace_core.jar:?]
	at net.simplace.sim.util.FWSimVariable.setValue(FWSimVariable.java:1922) [simplace_core.jar:?]
	at net.simplace.sim.wrapper.SimplaceWrapper.setValuesToVarMap(SimplaceWrapper.java:1007) [simplace_core.jar:?]
	at net.simplace.sim.wrapper.SimplaceWrapper.createSimulation(SimplaceWrapper.java:256) [simplace_core.jar:?]
[ERROR] 2026-03-02 14:17:04.511 [main] FWFormattedDate - Could not parse date string: Invalid date 'APRIL 31'
java.time.DateTimeException: Invalid date 'APRIL 31'
	at java.time.LocalDate.create(LocalDate.java:461) ~[?:?]
	at java.time.LocalDate.of(LocalDate.java:273) ~[?:?]
	at java.time.LocalDateTime.of(LocalDateTime.java:313) ~[?:?]
	at net.simplace.pipe.formcomponents.date.FWFormattedDate.parse(FWFormattedDate.java:266) [simplace_core.jar:?]
	at net.simplace.pipe.formcomponents.date.FWFormattedDate.<init>(FWFormattedDate.java:98) [simplace_core.jar:?]
	at net.simplace.pipe.formcomponents.date.FWFormattedDate.<init>(FWFormattedDate.java:106) [simplace_core.jar:?]
	at net.simplace.core.service.StringHelper.parseDate(StringHelper.java:865) [simplace_core.jar:?]
	at net.simplace.sim.util.FWSimVariable.setValue(FWSimVariable.java:1922) [simplace_core.jar:?]
	at net.simplace.sim.wrapper.SimplaceWrapper.setValuesToVarMap(SimplaceWrapper.java:1007) [simplace_core.jar:?]
	at net.simplace.sim.wrapper.SimplaceWrapper.createSimulation(SimplaceWrapper.java:256) [simplace_core.jar:?]
[ERROR] 2026-03-02 14:17:04.513 [main] FWFormattedDate - Could not parse date string: Invalid date 'APRIL 31'
java.time.DateTimeException: Invalid date 'APRIL 31'
	at java.time.LocalDate.create(LocalDate.java:461) ~[?:?]
	at java.time.LocalDate.of(LocalDate.java:273) ~[?:?]
	at java.time.LocalDateTime.of(LocalDateTime.java:313) ~[?:?]
	at net.simplace.pipe.formcomponents.date.FWFormattedDate.parse(FWFormattedDate.java:266) [simplace_core.jar:?]
	at net.simplace.pipe.formcomponents.date.FWFormattedDate.<init>(FWFormattedDate.java:98) [simplace_core.jar:?]
	at net.simplace.pipe.formcomponents.date.FWFormattedDate.<init>(FWFormattedDate.java:106) [simplace_core.jar:?]
	at net.simplace.core.service.StringHelper.parseDate(StringHelper.java:865) [simplace_core.jar:?]
	at net.simplace.sim.util.FWSimVariable.setValue(FWSimVariable.java:1922) [simplace_core.jar:?]
	at net.simplace.sim.wrapper.SimplaceWrapper.setValuesToVarMap(SimplaceWrapper.java:1007) [simplace_core.jar:?]
	at net.simplace.sim.wrapper.SimplaceWrapper.createSimulation(SimplaceWrapper.java:256) [simplace_core.jar:?]
[ERROR] 2026-03-02 14:17:04.514 [main] FWFormattedDate - Could not parse date string: Invalid date 'APRIL 31'
java.time.DateTimeException: Invalid date 'APRIL 31'
	at java.time.LocalDate.create(LocalDate.java:461) ~[?:?]
	at java.time.LocalDate.of(LocalDate.java:273) ~[?:?]
	at java.time.LocalDateTime.of(LocalDateTime.java:313) ~[?:?]
	at net.simplace.pipe.formcomponents.date.FWFormattedDate.parse(FWFormattedDate.java:266) [simplace_core.jar:?]
	at net.simplace.pipe.formcomponents.date.FWFormattedDate.<init>(FWFormattedDate.java:98) [simplace_core.jar:?]
	at net.simplace.pipe.formcomponents.date.FWFormattedDate.<init>(FWFormattedDate.java:106) [simplace_core.jar:?]
	at net.simplace.core.service.StringHelper.parseDate(StringHelper.java:865) [simplace_core.jar:?]
	at net.simplace.sim.util.FWSimVariable.setValue(FWSimVariable.java:1922) [simplace_core.jar:?]
	at net.simplace.sim.wrapper.SimplaceWrapper.setValuesToVarMap(SimplaceWrapper.java:1007) [simplace_core.jar:?]
	at net.simplace.sim.wrapper.SimplaceWrapper.createSimulation(SimplaceWrapper.java:256) [simplace_core.jar:?]
[ERROR] 2026-03-02 14:17:04.516 [main] FWFormattedDate - Could not parse date string: Invalid date 'APRIL 31'
java.time.DateTimeException: Invalid date 'APRIL 31'
	at java.time.LocalDate.create(LocalDate.java:461) ~[?:?]
	at java.time.LocalDate.of(LocalDate.java:273) ~[?:?]
	at java.time.LocalDateTime.of(LocalDateTime.java:313) ~[?:?]
	at net.simplace.pipe.formcomponents.date.FWFormattedDate.parse(FWFormattedDate.java:266) [simplace_core.jar:?]
	at net.simplace.pipe.formcomponents.date.FWFormattedDate.<init>(FWFormattedDate.java:98) [simplace_core.jar:?]
	at net.simplace.pipe.formcomponents.date.FWFormattedDate.<init>(FWFormattedDate.java:106) [simplace_core.jar:?]
	at net.simplace.core.service.StringHelper.parseDate(StringHelper.java:865) [simplace_core.jar:?]
	at net.simplace.sim.util.FWSimVariable.setValue(FWSimVariable.java:1922) [simplace_core.jar:?]
	at net.simplace.sim.wrapper.SimplaceWrapper.setValuesToVarMap(SimplaceWrapper.java:1007) [simplace_core.jar:?]
	at net.simplace.sim.wrapper.SimplaceWrapper.createSimulation(SimplaceWrapper.java:256) [simplace_core.jar:?]
[ERROR] 2026-03-02 14:17:04.517 [main] FWFormattedDate - Could not parse date string: Invalid date 'APRIL 31'
java.time.DateTimeException: Invalid date 'APRIL 31'
	at java.time.LocalDate.create(LocalDate.java:461) ~[?:?]
	at java.time.LocalDate.of(LocalDate.java:273) ~[?:?]
	at java.time.LocalDateTime.of(LocalDateTime.java:313) ~[?:?]
	at net.simplace.pipe.formcomponents.date.FWFormattedDate.parse(FWFormattedDate.java:266) [simplace_core.jar:?]
	at net.simplace.pipe.formcomponents.date.FWFormattedDate.<init>(FWFormattedDate.java:98) [simplace_core.jar:?]
	at net.simplace.pipe.formcomponents.date.FWFormattedDate.<init>(FWFormattedDate.java:106) [simplace_core.jar:?]
	at net.simplace.core.service.StringHelper.parseDate(StringHelper.java:865) [simplace_core.jar:?]
	at net.simplace.sim.util.FWSimVariable.setValue(FWSimVariable.java:1922) [simplace_core.jar:?]
	at net.simplace.sim.wrapper.SimplaceWrapper.setValuesToVarMap(SimplaceWrapper.java:1007) [simplace_core.jar:?]
	at net.simplace.sim.wrapper.SimplaceWrapper.createSimulation(SimplaceWrapper.java:256) [simplace_core.jar:?]
[ERROR] 2026-03-02 14:17:04.519 [main] FWFormattedDate - Could not parse date string: Invalid date 'APRIL 31'
java.time.DateTimeException: Invalid date 'APRIL 31'
	at java.time.LocalDate.create(LocalDate.java:461) ~[?:?]
	at java.time.LocalDate.of(LocalDate.java:273) ~[?:?]
	at java.time.LocalDateTime.of(LocalDateTime.java:313) ~[?:?]
	at net.simplace.pipe.formcomponents.date.FWFormattedDate.parse(FWFormattedDate.java:266) [simplace_core.jar:?]
	at net.simplace.pipe.formcomponents.date.FWFormattedDate.<init>(FWFormattedDate.java:98) [simplace_core.jar:?]
	at net.simplace.pipe.formcomponents.date.FWFormattedDate.<init>(FWFormattedDate.java:106) [simplace_core.jar:?]
	at net.simplace.core.service.StringHelper.parseDate(StringHelper.java:865) [simplace_core.jar:?]
	at net.simplace.sim.util.FWSimVariable.setValue(FWSimVariable.java:1922) [simplace_core.jar:?]
	at net.simplace.sim.wrapper.SimplaceWrapper.setValuesToVarMap(SimplaceWrapper.java:1007) [simplace_core.jar:?]
	at net.simplace.sim.wrapper.SimplaceWrapper.createSimulation(SimplaceWrapper.java:256) [simplace_core.jar:?]
[ERROR] 2026-03-02 14:17:04.521 [main] FWFormattedDate - Could not parse date string: Invalid date 'APRIL 31'
java.time.DateTimeException: Invalid date 'APRIL 31'
	at java.time.LocalDate.create(LocalDate.java:461) ~[?:?]
	at java.time.LocalDate.of(LocalDate.java:273) ~[?:?]
	at java.time.LocalDateTime.of(LocalDateTime.java:313) ~[?:?]
	at net.simplace.pipe.formcomponents.date.FWFormattedDate.parse(FWFormattedDate.java:266) [simplace_core.jar:?]
	at net.simplace.pipe.formcomponents.date.FWFormattedDate.<init>(FWFormattedDate.java:98) [simplace_core.jar:?]
	at net.simplace.pipe.formcomponents.date.FWFormattedDate.<init>(FWFormattedDate.java:106) [simplace_core.jar:?]
	at net.simplace.core.service.StringHelper.parseDate(StringHelper.java:865) [simplace_core.jar:?]
	at net.simplace.sim.util.FWSimVariable.setValue(FWSimVariable.java:1922) [simplace_core.jar:?]
	at net.simplace.sim.wrapper.SimplaceWrapper.setValuesToVarMap(SimplaceWrapper.java:1007) [simplace_core.jar:?]
	at net.simplace.sim.wrapper.SimplaceWrapper.createSimulation(SimplaceWrapper.java:256) [simplace_core.jar:?]
[ERROR] 2026-03-02 14:17:04.522 [main] FWFormattedDate - Could not parse date string: Invalid date 'APRIL 31'
java.time.DateTimeException: Invalid date 'APRIL 31'
	at java.time.LocalDate.create(LocalDate.java:461) ~[?:?]
	at java.time.LocalDate.of(LocalDate.java:273) ~[?:?]
	at java.time.LocalDateTime.of(LocalDateTime.java:313) ~[?:?]
	at net.simplace.pipe.formcomponents.date.FWFormattedDate.parse(FWFormattedDate.java:266) [simplace_core.jar:?]
	at net.simplace.pipe.formcomponents.date.FWFormattedDate.<init>(FWFormattedDate.java:98) [simplace_core.jar:?]
	at net.simplace.pipe.formcomponents.date.FWFormattedDate.<init>(FWFormattedDate.java:106) [simplace_core.jar:?]
	at net.simplace.core.service.StringHelper.parseDate(StringHelper.java:865) [simplace_core.jar:?]
	at net.simplace.sim.util.FWSimVariable.setValue(FWSimVariable.java:1922) [simplace_core.jar:?]
	at net.simplace.sim.wrapper.SimplaceWrapper.setValuesToVarMap(SimplaceWrapper.java:1007) [simplace_core.jar:?]
	at net.simplace.sim.wrapper.SimplaceWrapper.createSimulation(SimplaceWrapper.java:256) [simplace_core.jar:?]
[ERROR] 2026-03-02 14:17:04.523 [main] FWFormattedDate - Could not parse date string: Invalid date 'APRIL 31'
java.time.DateTimeException: Invalid date 'APRIL 31'
	at java.time.LocalDate.create(LocalDate.java:461) ~[?:?]
	at java.time.LocalDate.of(LocalDate.java:273) ~[?:?]
	at java.time.LocalDateTime.of(LocalDateTime.java:313) ~[?:?]
	at net.simplace.pipe.formcomponents.date.FWFormattedDate.parse(FWFormattedDate.java:266) [simplace_core.jar:?]
	at net.simplace.pipe.formcomponents.date.FWFormattedDate.<init>(FWFormattedDate.java:98) [simplace_core.jar:?]
	at net.simplace.pipe.formcomponents.date.FWFormattedDate.<init>(FWFormattedDate.java:106) [simplace_core.jar:?]
	at net.simplace.core.service.StringHelper.parseDate(StringHelper.java:865) [simplace_core.jar:?]
	at net.simplace.sim.util.FWSimVariable.setValue(FWSimVariable.java:1922) [simplace_core.jar:?]
	at net.simplace.sim.wrapper.SimplaceWrapper.setValuesToVarMap(SimplaceWrapper.java:1007) [simplace_core.jar:?]
	at net.simplace.sim.wrapper.SimplaceWrapper.createSimulation(SimplaceWrapper.java:256) [simplace_core.jar:?]
[ERROR] 2026-03-02 14:17:04.525 [main] FWFormattedDate - Could not parse date string: Invalid date 'APRIL 31'
java.time.DateTimeException: Invalid date 'APRIL 31'
	at java.time.LocalDate.create(LocalDate.java:461) ~[?:?]
	at java.time.LocalDate.of(LocalDate.java:273) ~[?:?]
	at java.time.LocalDateTime.of(LocalDateTime.java:313) ~[?:?]
	at net.simplace.pipe.formcomponents.date.FWFormattedDate.parse(FWFormattedDate.java:266) [simplace_core.jar:?]
	at net.simplace.pipe.formcomponents.date.FWFormattedDate.<init>(FWFormattedDate.java:98) [simplace_core.jar:?]
	at net.simplace.pipe.formcomponents.date.FWFormattedDate.<init>(FWFormattedDate.java:106) [simplace_core.jar:?]
	at net.simplace.core.service.StringHelper.parseDate(StringHelper.java:865) [simplace_core.jar:?]
	at net.simplace.sim.util.FWSimVariable.setValue(FWSimVariable.java:1922) [simplace_core.jar:?]
	at net.simplace.sim.wrapper.SimplaceWrapper.setValuesToVarMap(SimplaceWrapper.java:1007) [simplace_core.jar:?]
	at net.simplace.sim.wrapper.SimplaceWrapper.createSimulation(SimplaceWrapper.java:256) [simplace_core.jar:?]
[ERROR] 2026-03-02 14:17:04.526 [main] FWFormattedDate - Could not parse date string: Invalid date 'APRIL 31'
java.time.DateTimeException: Invalid date 'APRIL 31'
	at java.time.LocalDate.create(LocalDate.java:461) ~[?:?]
	at java.time.LocalDate.of(LocalDate.java:273) ~[?:?]
	at java.time.LocalDateTime.of(LocalDateTime.java:313) ~[?:?]
	at net.simplace.pipe.formcomponents.date.FWFormattedDate.parse(FWFormattedDate.java:266) [simplace_core.jar:?]
	at net.simplace.pipe.formcomponents.date.FWFormattedDate.<init>(FWFormattedDate.java:98) [simplace_core.jar:?]
	at net.simplace.pipe.formcomponents.date.FWFormattedDate.<init>(FWFormattedDate.java:106) [simplace_core.jar:?]
	at net.simplace.core.service.StringHelper.parseDate(StringHelper.java:865) [simplace_core.jar:?]
	at net.simplace.sim.util.FWSimVariable.setValue(FWSimVariable.java:1922) [simplace_core.jar:?]
	at net.simplace.sim.wrapper.SimplaceWrapper.setValuesToVarMap(SimplaceWrapper.java:1007) [simplace_core.jar:?]
	at net.simplace.sim.wrapper.SimplaceWrapper.createSimulation(SimplaceWrapper.java:256) [simplace_core.jar:?]
